---
source: compiler/toc_analysis/src/const_eval/test.rs
expression: "-2 ** 4"

---
ConstEvalCtx {
    inner: RwLock {
        data: InnerCtx {
            eval_infos: [
                EvalInfo { unit_id: UnitId(0), span: 11..18, state: Value(Integer(ConstInt { magnitude: 16, sign: Negative, width: As32 })) },
            ],
            var_to_expr: {
                GlobalDefId(UnitId(0), DefId(0)): ConstExpr { id: 0 },
            },
        },
    },
}
ConstExpr { id: 0 } -> Integer(ConstInt { magnitude: 16, sign: Negative, width: As32 })

