---
source: compiler/toc_analysis/src/const_eval/test.rs
expression: "  1 + 1.0"

---
InnerCtx {
    eval_infos: [
        EvalInfo { unit_id: UnitId(0), span: Span { file: None, range: 13..20 }, state: Value(Real(2.0)) },
    ],
    var_to_expr: {
        GlobalDefId(UnitId(0), DefId(0)): ConstExpr { id: 0 },
    },
}
ConstExpr { id: 0 } -> Real(2.0)


