---
source: compiler/toc_analysis/src/const_eval/test.rs
expression: 1e100 div 1.0

---
ConstEvalCtx {
    inner: RwLock {
        data: InnerCtx {
            eval_infos: [
                EvalInfo { unit_id: UnitId(0), span: 11..24, state: Error(ConstError { kind: IntOverflow, span: 17..20 }) },
            ],
            var_to_expr: {
                GlobalDefId(UnitId(0), DefId(0)): ConstExpr { id: 0 },
            },
        },
    },
}
ConstExpr { id: 0 } -> ConstError { kind: IntOverflow, span: 17..20 }

error at 17..20: integer overflow in compile-time expression

