---
source: compiler/toc_analysis/src/const_eval/test.rs
expression: false and true

---
InnerCtx {
    eval_infos: [
        EvalInfo { unit_id: UnitId(0), span: Span { file: None, range: 11..25 }, state: Value(Bool(false)) },
    ],
    var_to_expr: {
        GlobalDefId(UnitId(0), DefId(0)): ConstExpr { id: 0 },
    },
}
ConstExpr { id: 0 } -> Bool(false)


