---
source: compiler/toc_analysis/src/const_eval/test.rs
expression: 1 shl 1.0

---
ConstEvalCtx {
    inner: RwLock {
        data: InnerCtx {
            eval_infos: [
                EvalInfo { unit_id: UnitId(0), span: 11..20, state: Error(WrongType) },
            ],
            var_to_expr: {
                GlobalDefId(UnitId(0), DefId(0)): ConstExpr { id: 0 },
            },
        },
    },
}
ConstExpr { id: 0 } -> Spanned(WrongType, 13..16)

