---
source: compiler/toc_analysis/src/const_eval/test.rs
expression: "16#80000000 * 2"

---
ConstEvalCtx {
    inner: RwLock {
        data: InnerCtx {
            eval_state: [
                Error(IntOverflow),
            ],
            var_to_expr: {
                GlobalDefId(UnitId(0), DefId(0)): ConstExpr { id: 0 },
            },
        },
    },
}
