---
source: compiler/toc_analysis/src/const_eval/test.rs
expression: "const a := 'e'"

---
ConstEvalCtx {
    inner: RwLock {
        data: InnerCtx {
            eval_infos: [
                EvalInfo { unit_id: UnitId(0), span: 11..14, state: Error(ConstError { kind: UnsupportedValue, span: 11..14 }) },
            ],
            var_to_expr: {
                GlobalDefId(UnitId(0), DefId(0)): ConstExpr { id: 0 },
            },
        },
    },
}
ConstExpr { id: 0 } -> ConstError { kind: UnsupportedValue, span: 11..14 }

error at 11..14: literal is currently not implemented for compile-time evaluation

