---
source: compiler/toc_analysis/src/const_eval/test.rs
expression: "-16#80000000 * 2"

---
ConstEvalCtx {
    inner: RwLock {
        data: InnerCtx {
            eval_infos: [
                EvalInfo { unit_id: UnitId(0), span: 11..27, state: Error(IntOverflow) },
            ],
            var_to_expr: {
                GlobalDefId(UnitId(0), DefId(0)): ConstExpr { id: 0 },
            },
        },
    },
}
ConstExpr { id: 0 } -> Spanned(IntOverflow, 24..25)

error at 24..25: integer overflow in compile-time expression

