---
source: compiler/toc_analysis/src/const_eval/test.rs
expression: "const _ := 1 div 0"

---
ConstEvalCtx {
    inner: RwLock {
        data: InnerCtx {
            eval_state: [
                Error(DivByZero),
            ],
            var_to_expr: {
                GlobalDefId(UnitId(0), DefId(0)): ConstExpr { id: 0, unit: UnitId(0) },
            },
        },
    },
}
