---
source: compiler/toc_analysis/src/const_eval/test.rs
expression: "-16#FFFFFFFF"

---
ConstEvalCtx {
    inner: RwLock {
        data: InnerCtx {
            eval_infos: [
                EvalInfo { unit_id: UnitId(0), span: 11..23, state: Error(IntOverflow) },
            ],
            var_to_expr: {
                GlobalDefId(UnitId(0), DefId(0)): ConstExpr { id: 0 },
            },
        },
    },
}
ConstExpr { id: 0 } -> Spanned(IntOverflow, 11..12)

error at 11..12: integer overflow in compile-time expression

