---
source: compiler/toc_analysis/src/const_eval/test.rs
expression: true or false

---
ConstEvalCtx {
    inner: RwLock {
        data: InnerCtx {
            eval_state: [
                Value(Bool(true)),
            ],
            var_to_expr: {
                GlobalDefId(UnitId(0), DefId(0)): ConstExpr { id: 0 },
            },
        },
    },
}
