---
source: compiler/toc_analysis/src/const_eval/test.rs
expression: 10.0 ** 309

---
ConstEvalCtx {
    inner: RwLock {
        data: InnerCtx {
            eval_infos: [
                EvalInfo { unit_id: UnitId(0), span: 11..22, state: Error(ConstError { kind: RealOverflow, span: 16..18 }) },
            ],
            var_to_expr: {
                GlobalDefId(UnitId(0), DefId(0)): ConstExpr { id: 0 },
            },
        },
    },
}
ConstExpr { id: 0 } -> ConstError { kind: RealOverflow, span: 16..18 }

error at 16..18: real overflow in compile-time expression

