---
source: compiler/toc_analysis/src/const_eval/test.rs
expression: "-3.5 mod -10.0   % -3.5"

---
ConstEvalCtx {
    inner: RwLock {
        data: InnerCtx {
            eval_infos: [
                EvalInfo { unit_id: UnitId(0), span: 11..25, state: Value(Real(-3.5)) },
            ],
            var_to_expr: {
                GlobalDefId(UnitId(0), DefId(0)): ConstExpr { id: 0 },
            },
        },
    },
}
ConstExpr { id: 0 } -> Real(-3.5)


