---
source: compiler/toc_analysis/src/const_eval/test.rs
expression: 10 - 2.0

---
InnerCtx {
    eval_infos: [
        EvalInfo { unit_id: UnitId(0), span: Span { file: None, range: 11..19 }, state: Value(Real(8.0)) },
    ],
    var_to_expr: {
        GlobalDefId(UnitId(0), DefId(0)): ConstExpr { id: 0 },
    },
}
ConstExpr { id: 0 } -> Real(8.0)


