---
source: compiler/toc_hir_lowering/src/test.rs
expression: "a := '^'"

---
database:
stmt:
Idx::<Stmt>(0) (0..8): Assign(Assign { lhs: Idx::<Expr>(0), op: None, rhs: Idx::<Expr>(1) })

expr:
Idx::<Expr>(0) (0..2): Name(Name(UseId(DefId(0), 0)))
Idx::<Expr>(1) (5..8): Literal(CharSeq("\'"))

ty:

root stmts:
[Idx::<Stmt>(0)]
symtab:
DefId(0): (0..1, Symbol { name: "a", kind: Undeclared, is_pervasive: false, def_id: DefId(0), next_use: 1 })
UseId(DefId(0), 0): 0..1
error at 6..8: invalid char literal: unknown caret escape
error at 5..8: invalid char literal: missing terminator character

