---
source: compiler/toc_hir_lowering/src/test.rs
expression: a += b

---
database:
stmt:
Idx::<Stmt>(0) (0..6): Assign(Assign { lhs: Idx::<Expr>(0), op: Spanned(Add, 2..3), rhs: Idx::<Expr>(1) })

expr:
Idx::<Expr>(0) (0..1): Name(Name(UseId(DefId(0), 0)))
Idx::<Expr>(1) (5..6): Name(Name(UseId(DefId(1), 0)))

ty:

root stmts:
[Idx::<Stmt>(0)]
symtab:
DefId(0): (0..1, Symbol { name: "a", kind: Undeclared, is_pervasive: false, def_id: DefId(0), next_use: 1 })
DefId(1): (5..6, Symbol { name: "b", kind: Undeclared, is_pervasive: false, def_id: DefId(1), next_use: 1 })
UseId(DefId(0), 0): 0..1
UseId(DefId(1), 0): 5..6

