---
source: compiler/toc_hir_lowering/src/test.rs
expression: get a*a

---
database:
stmt:
Idx::<Stmt>(0) (0..7): Get(Get { stream_num: None, items: [Item(GetItem { expr: Idx::<Expr>(2), width: Token })] })

expr:
Idx::<Expr>(0) (4..5): Name(Name(UseId(DefId(0), 0)))
Idx::<Expr>(1) (6..7): Name(Name(UseId(DefId(0), 1)))
Idx::<Expr>(2) (4..7): Binary(Binary { lhs: Idx::<Expr>(0), op: Spanned(Mul, 5..6), rhs: Idx::<Expr>(1) })

ty:

root stmts:
[Idx::<Stmt>(0)]
symtab:
DefId(0): (4..5, Symbol { name: "a", kind: Undeclared, is_pervasive: false, def_id: DefId(0), next_use: 2 })
UseId(DefId(0), 0): 4..5
UseId(DefId(0), 1): 6..7

