---
source: compiler/toc_hir_lowering/src/test.rs
expression: "begin a := b end a := b"

---
database:
stmt:
Idx::<Stmt>(0) (6..13): Assign(Assign { lhs: Idx::<Expr>(0), op: None, rhs: Idx::<Expr>(1) })
Idx::<Stmt>(1) (0..17): Block(Block { stmts: [Idx::<Stmt>(0)] })
Idx::<Stmt>(2) (17..23): Assign(Assign { lhs: Idx::<Expr>(2), op: None, rhs: Idx::<Expr>(3) })

expr:
Idx::<Expr>(0) (6..8): Name(Name(UseId(DefId(0), 0)))
Idx::<Expr>(1) (11..13): Name(Name(UseId(DefId(1), 0)))
Idx::<Expr>(2) (17..19): Name(Name(UseId(DefId(0), 1)))
Idx::<Expr>(3) (22..23): Name(Name(UseId(DefId(1), 1)))

ty:

root stmts:
[Idx::<Stmt>(1), Idx::<Stmt>(2)]
symtab:
DefId(0): (6..7, Symbol { name: "a", kind: Undeclared, is_pervasive: false, def_id: DefId(0), next_use: 2 })
DefId(1): (11..12, Symbol { name: "b", kind: Undeclared, is_pervasive: false, def_id: DefId(1), next_use: 2 })
UseId(DefId(0), 0): 6..7
UseId(DefId(0), 1): 17..18
UseId(DefId(1), 0): 11..12
UseId(DefId(1), 1): 22..23

