---
source: compiler/toc_analysis/src/typeck/test.rs
expression: "var _ : string(1)"

---
ty_nodes:
    TypeId(HirId(Idx::<HirNode>(1))) TyRef(StringN(Fixed(1)))
def_kinds:
    DefId(0) Var(TyRef(StringN(Fixed(1))))
