---
source: compiler/toc_analysis/src/typeck/test.rs
expression: "var _ : string(512)"

---
ty_nodes:
    Idx::<Type>(0) TyRef(Error)
def_kinds:
    DefId(0) Var(TyRef(Error))
error at 15..18: invalid character count size
| note for 15..18: computed count is 512
| info: valid sizes are between 1 to 255
