---
source: compiler/toc_analysis/src/typeck/test.rs
expression: "var b : boolean\n\nvar _v00 : boolean := b\n"

---
ty_nodes:
    Idx::<Type>(0) TyRef(Boolean)
    Idx::<Type>(1) TyRef(Boolean)
def_kinds:
    DefId(0) Var(TyRef(Boolean))
    DefId(1) Var(TyRef(Boolean))
